[debug] [2025-06-10T20:56:55.236Z] ----------------------------------------------------------------------
[debug] [2025-06-10T20:56:55.239Z] Command:       C:\Program Files\nodejs\node.exe C:\Users\ahmed salah\AppData\Roaming\npm\node_modules\firebase-tools\lib\bin\firebase.js apps:list ios --json --project=saken2
[debug] [2025-06-10T20:56:55.239Z] CLI Version:   14.2.2
[debug] [2025-06-10T20:56:55.239Z] Platform:      win32
[debug] [2025-06-10T20:56:55.240Z] Node Version:  v22.13.0
[debug] [2025-06-10T20:56:55.240Z] Time:          Tue Jun 10 2025 23:56:55 GMT+0300 (Eastern European Summer Time)
[debug] [2025-06-10T20:56:55.240Z] ----------------------------------------------------------------------
[debug] 
[debug] [2025-06-10T20:56:55.245Z] > command requires scopes: ["email","openid","https://www.googleapis.com/auth/cloudplatformprojects.readonly","https://www.googleapis.com/auth/firebase","https://www.googleapis.com/auth/cloud-platform"]
[debug] [2025-06-10T20:56:55.245Z] > authorizing via signed-in user (youtupersthe@gmail.com)
[debug] [2025-06-10T20:56:55.248Z] Checked if tokens are valid: true, expires at: 1749592587597
[debug] [2025-06-10T20:56:55.248Z] Checked if tokens are valid: true, expires at: 1749592587597
[debug] [2025-06-10T20:56:55.249Z] >>> [apiv2][query] GET https://firebase.googleapis.com/v1beta1/projects/saken2/iosApps pageSize=100
[debug] [2025-06-10T20:56:56.477Z] <<< [apiv2][status] GET https://firebase.googleapis.com/v1beta1/projects/saken2/iosApps 200
[debug] [2025-06-10T20:56:56.477Z] <<< [apiv2][body] GET https://firebase.googleapis.com/v1beta1/projects/saken2/iosApps {"apps":[{"name":"projects/saken2/iosApps/1:54737180655:ios:45b43a23752e3f6a93c81a","appId":"1:54737180655:ios:45b43a23752e3f6a93c81a","displayName":"saken_mobile (ios)","projectId":"saken2","bundleId":"com.example.sakenMobile","apiKeyId":"635f6229-4164-4f34-bffc-13270453fa0e","state":"ACTIVE","expireTime":"1970-01-01T00:00:00Z","etag":"1_333770f8-b457-42f2-86b7-bc3e913d56d6"}]}
[info] ┌────────────────────┬──────────────────────────────────────────┬──────────┐
│ App Display Name   │ App ID                                   │ Platform │
├────────────────────┼──────────────────────────────────────────┼──────────┤
│ saken_mobile (ios) │ 1:54737180655:ios:45b43a23752e3f6a93c81a │ IOS      │
└────────────────────┴──────────────────────────────────────────┴──────────┘
[info] 
[info] 1 app(s) total.
[debug] [2025-06-10T20:57:01.702Z] Error: Timed out.
    at Timeout._onTimeout (C:\Users\ahmed salah\AppData\Roaming\npm\node_modules\firebase-tools\lib\utils.js:269:49)
    at listOnTimeout (node:internal/timers:594:17)
    at process.processTimers (node:internal/timers:529:7)
[error] 
[error] Error: An unexpected error has occurred.
